<body>
    <nav id="toc">
  <h1 class="os-toc-title">Contents</h1>
</nav>
<div>This is a div</div>
<div data-type="metadata" style="display: none;">
  <span data-type="revised" id="revised">Revised</span>
  <span data-type="slug" id="slug">Slug</span>
  <div class="authors" id="authors">Authors</div>
  <div class="publishers" id="publishers">Publishers</div>
  <div class="print-style" id="print-style">Print Style</div>
  <div class="permissions" id="permissions">Permissions</div>
  <div data-type="subject" id="subject">Subject</div>
</div>

  </body>