<div data-type="page">
    <div>hello <u data-effect="double-underline"><span data-screenreader-only="true">double underline</span>world<span data-screenreader-only="true">end double underline</span></u>. <u data-effect="underline"><span data-screenreader-only="true">underline</span>underlined<span data-screenreader-only="true">end underline</span></u></div>
<p class="public-domain"><span data-screenreader-only="true">public domain text</span>Proud Immigrant Citizen @primmcit<span data-screenreader-only="true">end public domain text</span></p>
<p class="student-sample"><span data-screenreader-only="true">student sample text</span>Suddenly,<u data-effect="underline"><span data-screenreader-only="true">underline</span>stood<span data-screenreader-only="true">end underline</span></u> .<span data-screenreader-only="true">end student sample text</span></p>
<p class="annotation-text"><span data-screenreader-only="true">annotated text</span>This response .<span data-screenreader-only="true">end annotated text</span></p>

  </div>