<div data-type="chapter">
  <h1 data-type="document-title">Chapter 1 title</h1>
  <div data-type="page" class="introduction">
    <div class="intro-body">
      <div class="os-chapter-outline">
        <h3 class="os-title">Chapter Outline</h3>
        <div class="os-chapter-objective">
          <a class="os-chapter-objective">link to page 1.1</a>
        <div class="learning-objective">
  <div data-type="abstract">
      <ul><li>1.1 abstract</li></ul>
    </div>
</div></div>
        <div class="os-chapter-objective">
        <div class="learning-objective">
  <div data-type="abstract">1.2 abstract</div>
</div></div>
        <div class="os-chapter-objective">
        <div class="learning-objective">
  <div data-type="abstract">1.3 abstract</div>
</div></div>
      </div>
    </div>
  </div>
  <div data-type="page" class="chapter-content-module">
    <h2 data-type="document-title">Module 1.1 title</h2>
    
  </div>
  <div data-type="page" class="chapter-content-module">
    <h2 data-type="document-title">Module 1.2 title</h2>
    
  </div>
  <div data-type="page" class="chapter-content-module">
    <h2 data-type="document-title">Module 1.3 title</h2>
    
  </div>
</div>