<div data-type="page" id="testidOne">
    <h1>The top title within the page</h1>
<div>Body of introduction
  <h2>Subtitle</h2>
  <p>a paragraph</p>
</div>
<h3 data-type="document-title">wow another header</h3>
<h4>subheader also</h4>
<div><h5>subtitle subtitle</h5><p>paragraph</p>
  <h6>here we see a subtitle</h6>
</div>
<h1>The SS Morro Castle was</h1>
<h2>an inside job</h2>
<h3>(probably)</h3>
<h4>Like, there was a</h4>
<h5>CIA agent on board...</h5>
<h5>I'm just saying</h5>

  </div>