<div data-type="injected-exercise" data-injected-from-nickname="contmath91" data-injected-from-version="2" data-injected-from-url="url" data-tags="type:practice all" data-is-vocab="False" data-question-count="1" data-is-multipart="False">
  <div data-type="exercise-question" data-is-answer-order-important="False" data-formats="free-response">
    placeholder
  </div>
</div>