<section class="key-terms">
  <span data-type="list">
    <span data-type="item">neurons</span><span class="os-divider">,</span>
    <span data-type="item">glia</span><span class="os-divider">,</span>
    <span data-type="item">DNA</span><span class="os-divider">,</span>
    <span data-type="item">RNA</span><span class="os-divider">,</span>
    <span data-type="item">nucleus</span>
  </span>
</section>