<div class="os-eoc os-chapter-review-container" data-type="composite-chapter"><div class="os-eoc os-CLASSNAME-container" data-type="composite-page" data-uuid-key=".CLASSNAME">
  <h3 data-type="title">
    <span class="os-text">foo</span>
  </h3>
  <div data-type="metadata" style="display: none;">
    <h1 data-type="document-title" itemprop="name">foo</h1>
    <span data-type="revised">Revised</span><span data-type="slug">Slug</span><div class="authors">Authors</div><div class="publishers">Publishers</div><div class="print-style">Print Style</div><div class="permissions">Permissions</div><div data-type="subject">Subject</div>
  </div>
  <div class="os-CLASSNAME">
  <div class="os-section-area">
  <section id="sectionId1" class="CLASSNAME"><a href="#_titlecreatedbycookbook">
  <h3 data-type="document-title">
  <span class="os-number">1.1</span>
<span class="os-divider"> </span>

  <span class="os-text" data-type="" itemprop="">page title</span>
</h3>

</a>

      <div data-type="exercise" id="exercise_id1">
        <div data-type="problem" id="problem_id1">
          <p>exercise content 1</p>
        </div>
        <div data-type="solution" id="solution_id1">
          <p>Solution content</p>
        </div>
      </div>
    </section>
</div><div class="os-section-area">
  <section id="sectionId2" class="CLASSNAME"><a href="#_titlecreatedbycookbook">
  <h3 data-type="document-title">
  <span class="os-number">1.2</span>
<span class="os-divider"> </span>

  <span class="os-text" data-type="" itemprop="">page 2 title</span>
</h3>

</a>

    </section>
</div>
</div>

</div>
</div>