<div data-type="chapter">
  <div data-type="page">
    This is a page
  </div>
<div class="os-eoc os-chapter-review-container" data-type="composite-chapter" data-uuid-key=".chapter-review">
  <h2 data-type="document-title">
    <span class="os-text">Chapter Review</span>
  </h2>
  <div data-type="metadata" style="display: none;">
    <h1 data-type="document-title" itemprop="name">Chapter Review</h1>
    <span data-type="revised">Revised</span><span data-type="slug">Slug</span><div class="authors">Authors</div><div class="publishers">Publishers</div><div class="print-style">Print Style</div><div class="permissions">Permissions</div><div data-type="subject">Subject</div>
  </div>
</div>
<div class="os-eoc os-exercises-container" data-type="composite-chapter" data-uuid-key=".exercises">
  <h2 data-type="document-title">
    <span class="os-text">Exercises</span>
  </h2>
  <div data-type="metadata" style="display: none;">
    <h1 data-type="document-title" itemprop="name">Exercises</h1>
    <span data-type="revised">Revised</span><span data-type="slug">Slug</span><div class="authors">Authors</div><div class="publishers">Publishers</div><div class="print-style">Print Style</div><div class="permissions">Permissions</div><div data-type="subject">Subject</div>
  </div>
</div>
</div>