<div data-type="page" id="testidOne">
    <div class="os-figure has-splash"><figure id="someId" class="unnumbered splash">
  
  <span>
    <img src="img.jpg"/>
  </span>
<figcaption class="os-caption-container">
  
  
  <span class="os-caption">figure caption</span>
</figcaption></figure></div>

  </div>