<div class="os-eoc os-chapter-review-container" data-type="composite-chapter" data-uuid-key=".chapter-review">
  <h2 data-type="document-title" id="composite-chapter-1">
    <span class="os-text">Chapter Review</span>
  </h2>
  <div data-type="metadata" style="display: none;">
    <h1 data-type="document-title" itemprop="name">Chapter Review</h1>
    <div>metadata</div>
  </div>
<div class="os-eoc os-CLASSNAME-container" data-type="composite-page" data-uuid-key=".CLASSNAME">
  <h3 data-type="title">
    <span class="os-text">foo</span>
  </h3>
  <div data-type="metadata" style="display: none;">
    <h1 data-type="document-title" itemprop="name">foo</h1>
    <span data-type="revised" id="revised_copy_1">Revised</span><span data-type="slug" id="slug_copy_1">Slug</span><div class="authors" id="authors_copy_1">Authors</div><div class="publishers" id="publishers_copy_1">Publishers</div><div class="print-style" id="print-style_copy_1">Print Style</div><div class="permissions" id="permissions_copy_1">Permissions</div><div data-type="subject" id="subject_copy_1">Subject</div>
  </div>
  <section id="sectionId1" class="CLASSNAME"><a href="#_titlecreatedbycookbook">
  <h3 data-type="document-title">
  <span class="os-number">1.1</span>
<span class="os-divider"> </span>

  <span class="os-text" data-type="" itemprop="">page title</span>
</h3>

</a>

      <div data-type="exercise" id="exercise_id1">
        <div data-type="problem" id="problem_id1">
          <p>exercise content 1</p>
        </div>
        <div data-type="solution" id="solution_id1">
          <p>Solution content</p>
        </div>
      </div>
    </section><section id="sectionId2" class="CLASSNAME"><a href="#_titlecreatedbycookbook">
  <h3 data-type="document-title">
  <span class="os-number">1.2</span>
<span class="os-divider"> </span>

  <span class="os-text" data-type="" itemprop="">page 2 title</span>
</h3>

</a>

    </section>
</div>
</div>