<div data-type="page" id="apId"><h1 data-type="document-title"><span class="os-part-text">Dodatek </span>
<span class="os-number">3</span>
<span class="os-divider"> </span>
<span data-type="" itemprop="" class="os-text">Appendix Title</span>
</h1>
<section data-depth="1">
  <h2 data-type="title">hello</h2>
  <section data-depth="2">
    <h3 data-type="title">world</h3>
  </section>
</section>
</div>