<div data-type="page" id="testidOne">
    <div data-type="example" id="example-test"><h5 class="os-title">
  <span class="os-title-label">Example </span>
  <span class="os-number">5</span>
  <span class="os-divider"> </span>
</h5>
<div class="body">
  <div data-type="example" id="example-test2"><h5 class="os-title">
  <span class="os-title-label">Example </span>
  <span class="os-number">5</span>
  <span class="os-divider"> </span>
</h5>
<div class="body">
    <div data-type="exercise" class="unnumbered">
      <div data-type="problem"><div class="os-problem-container">Q</div></div>
      <div data-type="solution"><h4 data-type="solution-title">
  <span class="os-title-label">Solution</span>
  
</h4>
<div class="os-solution-container">A</div>
</div>
    </div>
  </div></div>
</div></div>

  </div>