<div data-type="chapter">
  <div data-type="page">
    <div class="os-eos os-section-exercises-container" data-uuid-key=".section-exercises"><section id="sectionId1" class="section-exercises">
      
      <div data-type="exercise" id="exercise_id1">
        <div data-type="problem" id="problem_id1">
          <p>exercise content 1</p>
        </div>
        <div data-type="solution" id="solution_id1">
          <p>Solution content</p>
        </div>
      </div>
    </section></div>
  </div>
  <div data-type="page">
    <div class="os-eos os-section-exercises-container" data-uuid-key=".section-exercises"><section id="sectionId2" class="section-exercises">
      <div data-type="exercise" id="exercise_id2">
        <div data-type="problem" id="problem_id2">
          <p>exercise content 2</p>
        </div>
        <div data-type="solution" id="solution_id2">
          <p>Solution content</p>
        </div>
      </div>
    </section></div>
  </div>
</div>