<a href="#_titlecreatedbycookbook">
  <h3 data-type="document-title">
  <span class="os-number">1.1</span>
<span class="os-divider"> </span>

  <span class="os-text" data-type="" itemprop=""><em data-effect="italics">Italics</em>  not italics with <sub>subscript</sub> and <sup>superscript</sup> text</span>
</h3>

</a>
