<div data-type="exercise" id="1" class="your-turn unnumbered">
  <div data-type="problem" id="456"><h4 class="exercise-title" data-type="title">Your Turn</h4>
<div class="os-problem-container">
    <ul id="920">
      <li>You are trading stocks on the Internet;</li>
      <li>Second Your Turn question goes here.</li>
    </ul>
  </div></div>
  <div data-type="solution" id="24"><h4 class="solution-title" data-type="title">
  <span class="os-text">Solution</span>
</h4>
<div class="os-solution-container">
    <p id="456">WW-test We need to finalize where the solution would appear.</p>
  </div></div>
</div>