<div data-type="injected-exercise" data-injected-from-nickname="contmath91" data-injected-from-version="2" data-injected-from-url="url" data-tags="type:practice all" data-is-vocab="False" data-question-count="2" data-is-multipart="True"><div data-type="exercise-question" id="101-wrapper">
  <div data-type="question-stimulus">Stimulus text for exercise.</div>
  <div data-type="alphabetical-question-multipart" data-is-answer-order-important="False" data-formats="free-response" id="101" class="alphabetical-multipart"><div class="os-problem-container">
  <a class="problem-letter" href="#101-solution">(a)</a>
  <span class="os-divider"> </span>
  
  <div data-type="question-stem">a question</div>
</div>

    
    
  </div><div data-type="alphabetical-question-multipart" data-is-answer-order-important="False" data-formats="free-response" id="102" class="alphabetical-multipart"><div class="os-problem-container">
  <a class="problem-letter" href="#102-solution">(b)</a>
  <span class="os-divider"> </span>
  
  <div data-type="question-stem">a question</div>
</div>

    
    
  </div>
  <div data-type="question-solution" id="101-wrapper-solution">
    <div data-type="solution-part"><a class="problem-letter" href="#101-solution">(a)</a>
<span class="os-divider"> </span>
<div class="os-solution-container">a solution</div>
</div><div data-type="solution-part"><a class="problem-letter" href="#102-solution">(b)</a>
<span class="os-divider"> </span>
<div class="os-solution-container">a solution</div>
</div>
  </div>
</div>

  
  <div data-type="exercise-context" data-context-module="abc" data-context-feature="def">Refer to <a class="autogenerated-content" href="#abcdef-test">[link]</a></div>
  
  
</div>