
    <div data-type="chapter">
  <div data-type="page" id="testidOne">
    <pre data-type="code" class="python line-numbering" data-lang="python">
  <div class="os-table"><table class="hljs-ln">
    <tr>
      <td class="hljs-ln-line hljs-ln-numbers" data-line-number="1">
        <div class="hljs-ln-n" data-line-number="1">1</div>
      </td>
      <td class="hljs-ln-line hljs-ln-code" data-line-number="1">
        <span class="hljs-comment"># Setup a list of numbers</span>
      </td>
    </tr>
    <tr>
      <td class="hljs-ln-line hljs-ln-numbers" data-line-number="2">
        <div class="hljs-ln-n" data-line-number="2">2</div>
      </td>
      <td class="hljs-ln-line hljs-ln-code" data-line-number="2">
        num_list = [<span class="hljs-number">2</span>, <span class="hljs-number">3</span>]
      </td>
    </tr>
  </table></div>
</pre>

  </div>
</div>

  