<div data-type="page" id="testidOne">
    <div data-type="note" id="untitlednote" class="foo"><div class="os-note-body">
  <p>content</p>
</div></div>
<div data-type="note" id="titlednote" class="bar"><h3 class="os-title" data-type="title">
  <span class="os-title-label">note title</span>
</h3>
<div class="os-note-body">
  
  <p>content</p>
</div></div>

  </div>