
    <div data-type="unit">
  <h1 data-type="document-title"><span class="os-part-text">Unit </span>
<span class="os-number">1</span>
<span class="os-divider"> </span>
<span data-type="" itemprop="" class="os-text">First Unit Title</span>
</h1>
</div>
<div data-type="unit">
  <h1 data-type="document-title"><span class="os-part-text">Unit </span>
<span class="os-number">2</span>
<span class="os-divider"> </span>
<span data-type="" itemprop="" class="os-text">Second Unit Title</span>
</h1>
</div>

  