<html xmlns:m="http://www.w3.org/1998/Math/MathML">
  <body>
    <div class="os-eob os-index-container" data-type="composite-page">
  <h1 data-type="document-title">
    <span class="os-text">Index</span>
  </h1>
  <div class="group-by">
    <span class="group-label">A</span>
    <div class="os-index-item">
      <span class="os-term" group-by="A">Ainsworth</span>
      <a class="os-term-section-link" href="#term-1"><span class="os-term-section">2.1 Identity</span></a>
      <span class="os-index-link-separator">, </span>
      <a class="os-term-section-link" href="#term-2"><span class="os-term-section">1.1 Physical Growth</span></a>
    </div>
    <div class="os-index-item">
      <span class="os-term" group-by="A">Alzhiemer&#x2019;s</span>
      <a class="os-term-section-link" href="#term-3"><span class="os-term-section">1.1 Physical Growth</span></a>
      
      
    </div>
  </div>
</div>

  </body>
</html>