
    <div class="os-table os-unstyled-container">
  <table class="unnumbered unstyled" id="tableId">
  <thead>
    <tr>
      <th colspan="1" data-align="center" scope="col">The Title</th>
    </tr>
    <tr valign="top">
      <th data-align="left" scope="col">Heading</th>
    </tr>
    <tr valign="top">
      <th colspan="2" data-align="left" scope="colgroup">Heading</th>
    </tr>
  </thead>
  <tbody>
    <tr valign="top">
      <td data-align="left">Bar</td>
    </tr>
  </tbody>
</table>
</div>

  