<body>
    <div data-type="chapter">
  <div data-type="page" id="page_1">
    <section class="wrapper">
      <div data-type="note" id="1" class="foo"><h3 class="os-title">
  <span class="os-title-label">Bar</span>
  <span class="os-number">#1</span>
</h3>
<div class="os-note-body">
        <p>wrapped content #1</p>
      </div></div>
      <div data-type="note" id="2" class="foo"><h3 class="os-title">
  <span class="os-title-label">Bar</span>
  <span class="os-number">#2</span>
</h3>
<div class="os-note-body">
        <p>wrapped content #2</p>
      </div></div>
    </section>
    <div data-type="note" id="3" class="foo">
      <p>not wrapped, not baked</p>
    </div>
  </div>
  <div data-type="page" id="page_2">
    <section class="wrapper">
      <div data-type="note" id="4" class="foo"><h3 class="os-title">
  <span class="os-title-label">Bar</span>
  <span class="os-number">#3</span>
</h3>
<div class="os-note-body">
        <p>wrapped content #3</p>
      </div></div>
    </section>
  </div>
  <div data-type="page" id="page_4">
    <section class="wrapper">
      <div data-type="note" id="6" class="foo"><h3 class="os-title">
  <span class="os-title-label">Bar</span>
  <span class="os-number">#4</span>
</h3>
<div class="os-note-body">
        <p>wrapped content with exercise</p>
        <div data-type="exercise" class="unnumbered">
          <div data-type="problem"><div class="os-problem-container">what is your quest?</div></div>
        </div>
      </div></div>
      <div data-type="note" id="7" class="foo"><h3 class="os-title">
  <span class="os-title-label">Bar</span>
  <span class="os-number">#5</span>
</h3>
<div class="os-note-body">
        <p>wrapped content with injected question</p>
        <div data-type="injected-exercise">
          <div data-type="exercise-question" data-id="26" class="unnumbered os-hasSolution" id="auto_4_26">
<div class="os-problem-container">
  
  
  <div data-type="question-stem">a question stem</div>
  
</div>

            
            <div data-type="question-solution" id="auto_4_26-solution"><a class="os-number" href="#auto_4_26">5</a><span class="os-divider">. </span>
<div class="os-solution-container">
              some solution
            </div>
</div>
          </div>
        </div>
      </div></div>
    </section>
  </div>
</div>
<div data-type="chapter">
  <div data-type="page" id="page_3">
    <section class="wrapper">
      <div data-type="note" id="5" class="foo"><h3 class="os-title">
  <span class="os-title-label">Bar</span>
  <span class="os-number">#1</span>
</h3>
<div class="os-note-body">
        <p>wrapped content, chapter 2</p>
      </div></div>
    </section>
  </div>
</div>

  </body>