<div class="os-eoc os-chapter-review-container" data-type="composite-chapter" data-uuid-key=".chapter-review">
  <h2 data-type="document-title" id="composite-chapter-1">
    <span class="os-text">foo</span>
  </h2>
  <div data-type="metadata" style="display: none;">
    <h1 data-type="document-title" itemprop="name">foo</h1>
    <div>metadata</div>
  </div>
<div class="os-eoc os-glossary-container" data-type="composite-page" data-uuid-key="glossary">
  <h3 data-type="title">
    <span class="os-text">Key Terms</span>
  </h3>
  <div data-type="metadata" style="display: none;">
    <h1 data-type="document-title" itemprop="name">Key Terms</h1>
    <span data-type="revised">Revised</span><span data-type="slug">Slug</span><div class="authors">Authors</div><div class="publishers">Publishers</div><div class="print-style">Print Style</div><div class="permissions">Permissions</div><div data-type="subject">Subject</div>
  </div>
  <dl>
      <dt>ABD</dt>
      <dd>Test 2</dd>
    </dl><dl>
      <dt>ZzZ</dt>
      <dd>Achoo</dd>
    </dl><dl>
      <dt>ZzZ</dt>
      <dd>Test 1</dd>
    </dl>
</div>
</div>