<div data-type="page" id="testidOne">
    <h2>The top title within the page</h2>
<div>Body of introduction
  <h4>Subtitle</h4>
  <p>a paragraph</p>
</div>
<h2>wow another header</h2>
<h3>subheader also</h3>
<div><h4>subtitle subtitle</h4><p>paragraph</p>
  <h4>here we see a subtitle</h4>
</div>

  </div>