<div class="os-table os-top-titled-container"><div class="os-table-title">A title</div>
<table class="top-titled">
  
  <thead>
    
    <tr>
      <th scope="col">Another heading cell</th>
    </tr>
  </thead>
  <tbody>
    <tr>
      <td>One lonely cell</td>
    </tr>
  </tbody>
</table><div class="os-caption-container">
  <span class="os-title-label">Table </span>
  <span class="os-number">2.3</span>
  <span class="os-divider"> </span>
  <span class="os-divider"> </span>
<span class="os-caption">A caption</span>

</div>
</div>