<div class="os-eoc os-some-eoc-section-container" data-type="composite-page" data-uuid-key=".some-eoc-section">
  <h3 data-type="title">
    <span class="os-text">Some Eoc Section</span>
  </h3>
  <div data-type="metadata" style="display: none;">
    <h1 data-type="document-title" itemprop="name">Some Eoc Section</h1>
    <span data-type="revised" id="revised_copy_1">Revised</span><span data-type="slug" id="slug_copy_1">Slug</span><div class="authors" id="authors_copy_1">Authors</div><div class="publishers" id="publishers_copy_1">Publishers</div><div class="print-style" id="print-style_copy_1">Print Style</div><div class="permissions" id="permissions_copy_1">Permissions</div><div data-type="subject" id="subject_copy_1">Subject</div>
  </div>
  <div class="os-some-eoc-section">
  <div class="os-section-area">
  <section id="sectionId1" class="some-eoc-section">
      <p>content</p>
    </section>
</div><div class="os-section-area">
  <section id="sectionId2" class="some-eoc-section">
      <p>content</p>
    </section>
</div><div class="os-section-area">
  <section id="sectionId3" class="some-eoc-section">
      <p>content</p>
    </section>
</div>
</div>

</div>