<h2 data-type="document-title" data-rex-keep="true">
  <span class="os-number">1</span>
  <span class="os-divider"> </span>
  <span class="os-text" data-type="" itemprop="">Title Text Chapter 1</span>
</h2><h2 data-type="document-title" data-rex-keep="true">
  <span class="os-number">2</span>
  <span class="os-divider"> </span>
  <span class="os-text" data-type="" itemprop="">Title Text Chapter 2</span>
</h2>