<div data-type="page" id="apId"><h1 data-type="document-title"><span class="os-part-text">Appendix </span>
<span class="os-number">3</span>
<span class="os-divider"> </span>
<span data-type="" itemprop="" class="os-text">Appendix Title</span>
</h1>
<section data-depth="1" class="learning-objectives">
  <h3 data-type="title">hello</h3>
</section>
</div>