<div data-type="chapter"><div data-type="page" class="introduction">
  <h1 data-type="document-title">Introduction to Sociology</h1>
  
</div>
<div data-type="page">
  <h1 data-type="document-title"><em data-effect="italics">Italics</em>  not italics with <sub>subscript</sub> and <sup>superscript</sup> text What Is Sociology?</h1>
  
</div>
<div class="os-eoc os-references-container" data-type="composite-page" data-uuid-key=".references">
  <h2 data-type="document-title">
    <span class="os-text">References</span>
  </h2>
  <div data-type="metadata" style="display: none;">
    <h1 data-type="document-title" itemprop="name">References</h1>
    <span data-type="revised">Revised</span><span data-type="slug">Slug</span><div class="authors">Authors</div><div class="publishers">Publishers</div><div class="print-style">Print Style</div><div class="permissions">Permissions</div><div data-type="subject">Subject</div>
  </div>
  <section data-depth="1" id="1" class="reference"><a href="#">
  <h3 data-type="document-title">
    <span class="os-text" data-type="" itemprop="">Introduction to Sociology</span>
  </h3>
</a>

    
    <p>Elias, Norbert. 1978. What Is Sociology? New York: Columbia University Press.</p>
  </section><section data-depth="1" id="2" class="reference"><a href="#_titlecreatedbycookbook">
  <h3 data-type="document-title">
  <span class="os-number">1.1</span>
<span class="os-divider"> </span>

  <span class="os-text" data-type="" itemprop=""><em data-effect="italics">Italics</em>  not italics with <sub>subscript</sub> and <sup>superscript</sup> text What Is Sociology?</span>
</h3>

</a>

    
    <p>Abercrombie, Nicholas, Stephen Hill, and Bryan S. Turner. 2000. The Penguin Dictionary of Sociology. London: Penguin.</p>
  </section>
</div>
</div>