<div class="interactive" data-has-label="true" data-label="" data-type="note" id="iframenote">
    <div data-alt="atoms_isotopes" data-type="media">
      <div class="os-has-iframe os-has-link" data-type="alternatives"><a class="os-is-link" href="/contents/1234" target="_blank" rel="noopener nofollow">Click to view content</a>
<iframe height="371.4" src="https://openstax.org/l/atoms_isotopes" width="660" class="os-is-iframe"><!-- no-selfclose -->
        </iframe></div>
    </div>
  </div><div class="interactive interactive-long" data-has-label="true" data-label="" data-type="note" id="iframenote3">
    <ul>
      <li>1: The evolution from fish to earliest tetrapod<span data-type="newline"><br/></span>
        <div data-alt="tetrapod_evol1" data-type="media"><div class="os-has-iframe os-has-link" data-type="alternatives"><a class="os-is-link" href="/contents/1234" target="_blank" rel="noopener nofollow">Click to view content</a>
<iframe height="371.4" src="url1" width="660" class="os-is-iframe"><!-- no-selfclose --></iframe></div></div>
      </li>
      <li>2: The discovery of coelacanth and <em data-effect="italics">Acanthostega</em> fossils<span data-type="newline"><br/></span>
        <div data-alt="tetrapod_evol2" data-type="media"><div class="os-has-iframe os-has-link" data-type="alternatives"><a class="os-is-link" href="/contents/1234" target="_blank" rel="noopener nofollow">Click to view content</a>
<iframe height="371.4" src="url2" width="660" class="os-is-iframe"><!-- no-selfclose --></iframe></div></div>
      </li>
    </ul>
  </div>