<body>
    <div data-type="chapter">
  <h1 data-type="document-title">Chapter 1 Title</h1>
  <div class="introduction" data-type="page" id="ipId">
    
    
    
    <div data-type="metadata">don't touch this</div>
    <figure class="splash">can't touch this (stop! hammer time)</figure>
    
    
  <div class="intro-body">
  <div class="os-chapter-outline">
  <h3 class="os-title">Chapter Outline</h3>
  <div class="os-chapter-objective">
  <a class="os-chapter-objective" href="#" aria-label="Translation missing: test.section_link_desc">
    <span class="os-number">1.1</span>
    <span class="os-divider"> </span>
    <span data-type="" itemprop="" class="os-text">should be objective 1.1</span>
  </a>
</div>
<div class="os-chapter-objective">
  <a class="os-chapter-objective" href="#" aria-label="Translation missing: test.section_link_desc">
    <span class="os-number">1.2</span>
    <span class="os-divider"> </span>
    <span data-type="" itemprop="" class="os-text">should be objective 1.2</span>
  </a>
</div>

</div>

  <div class="intro-text">
    <h2 data-type="document-title" id="ipId_titlecreatedbycookbook"><span data-type="" itemprop="" class="os-text">Introduction 1</span>
</h2>
    <figure>move this</figure><div>content</div>
  </div>
</div>
</div>
  <div data-type="page">
    <div data-type="document-title" id="becomes-ref-link">should be objective 1.1</div>
  </div>
  <div data-type="page">
    <div data-type="document-title">should be objective 1.2</div>
  </div>
</div>
<div data-type="chapter">
  <h1 data-type="document-title">Chapter 2 Title</h1>
  <div class="introduction" data-type="page" id="testid2">
    
    
    
    
  <div class="intro-body">
  <div class="os-chapter-outline">
  <h3 class="os-title">Chapter Outline</h3>
  <div class="os-chapter-objective">
  <a class="os-chapter-objective" href="#testid3" aria-label="Translation missing: test.section_link_desc">
    <span class="os-number">2.1</span>
    <span class="os-divider"> </span>
    <span data-type="" itemprop="" class="os-text">should be objective 2.1</span>
  </a>
</div>

</div>

  <div class="intro-text">
    <h2 data-type="document-title" id="testid2_titlecreatedbycookbook"><span data-type="" itemprop="" class="os-text">Introduction 2</span>
</h2>
    <div>content</div>
  </div>
</div>
</div>
  <div data-type="page" id="testid3">
    <div data-type="document-title">should be objective 2.1</div>
  </div>
</div>

  </body>