<div data-type="chapter">
  <div data-type="page">
    <h1 data-type="document-title">Stuff and Things</h1>
    
  </div>
<div class="os-eoc os-free-response-container" data-type="composite-page" data-uuid-key=".free-response">
  <h2 data-type="document-title">
    <span class="os-text">Homework</span>
  </h2>
  <div data-type="metadata" style="display: none;">
    <h1 data-type="document-title" itemprop="name">Homework</h1>
    <span data-type="revised">Revised</span><span data-type="slug">Slug</span><div class="authors">Authors</div><div class="publishers">Publishers</div><div class="print-style">Print Style</div><div class="permissions">Permissions</div><div data-type="subject">Subject</div>
  </div>
    <section data-depth="1" id="0" class="free-response"><a href="#_titlecreatedbycookbook">
  <h3 data-type="document-title">
  <span class="os-number">1.1</span>
<span class="os-divider"> </span>

  <span class="os-text" data-type="" itemprop="">Stuff and Things</span>
</h3>

</a>

      
    </section>
</div>
</div>