<section data-depth="1" id="auto_7335a4e5-b65f-438f-9e89-931000468b59_fs-idm265611728" class="review-questions">
    <h3 data-type="title">Review Questions</h3>
    <div data-type="injected-exercise" data-injected-from-nickname="singleFR" data-injected-from-version="2" data-injected-from-url="url" data-tags="type:practice all" data-is-vocab="False">
      <div data-type="exercise-question" data-is-answer-order-important="False" data-formats="free-response" data-id="1" id="auto_6dd92b44-db43-4254-a4db-45fb02eb773e_1" class="os-hasSolution"><a class="os-number" href="#auto_6dd92b44-db43-4254-a4db-45fb02eb773e_1-solution">1</a><span class="os-divider">. </span>

<div class="os-problem-container">
  
  <div data-type="question-stimulus">Question 1 stimulus</div>
  <div data-type="question-stem">Question 1</div>
  
</div>

        
        
        
        
      <div data-type="question-solution" id="auto_6dd92b44-db43-4254-a4db-45fb02eb773e_1-solution">
  <a class="os-number" href="#auto_6dd92b44-db43-4254-a4db-45fb02eb773e_1">1</a><span class="os-divider">. </span>

  <div class="os-solution-container">
    <div class="os-partial-solution">
          solution 1
        </div><div class="os-partial-solution">
          solution 2
        </div>
  </div>
</div>
</div>
    </div>
  </section>