<div data-type="note" id="note_id" class="checkpoint"><div class="os-title">
  <span class="os-title-label">Checkpoint </span>
  <span class="os-number">1.2</span>
  <span class="os-divider"> </span>
</div>
<div class="os-note-body">
  <div data-type="exercise" id="exercise_id" class="os-hasSolution unnumbered">
    <div data-type="problem" id="problem_id"><div class="os-problem-container">
      <p> problem content </p>
    </div></div>
    <div data-type="solution" id="exercise_id-solution"><span class="os-divider"> </span>
<a class="os-number" href="#exercise_id">1.2</a>
<div class="os-solution-container">
      <p> solution content </p>
    </div>
</div>
    
  </div>
</div></div>