<div data-type="chapter"><div class="os-chemistry-matters-container" data-type="page">
  <h2 data-type="document-title">
    <span class="os-text">Chemistry Matters</span>
  <span class="os-divider">&#x2014;</span>
<span class="os-subtitle">Organic Foods: Risk versus Benefit</span>
</h2>
  <section class="chemistry-matters">
    
  </section>
  <section class="chemistry-matters">
      <h3 data-type="title">Defining Your Rhetorical Situation, Generating Ideas, and Organizing</h3>
  </section>
</div>
</div>