<div data-type="note" id="untitlednote" class="foo"><h3 class="os-title" data-type="title">
  <span class="os-title-label">Bar</span>
</h3>
<div class="os-note-body">
  <p>this is a note</p>
  <div data-type="exercise" id="3360">
    <div data-type="problem" id="504"><span class="os-title-label">Exercise </span>
<span class="os-number">1</span>
<div class="os-problem-container">
      <ul>
        <li>What do you need to know to perform this analysis at the very minimum?</li>
      </ul>
    </div></div>
  </div>
</div></div>