<div class="os-figure has-mechanism-figure"><div class="os-caption-title-container">
  <span class="os-title-label">Figure </span>
  <span class="os-number">1.2</span>
  <span class="os-divider"> </span>
  <span class="os-title" data-type="title" id="">This Is A Title</span>
</div>
<div class="os-caption-text-container">
  <span class="os-caption">Solid <em>carbon</em> dioxide sublimes ...</span>
</div>
<figure id="someId" class="mechanism-figure">
  
  
  <span data-type="media" id="otherId" data-alt="This figure shows pieces of a ...">
    <img src="blah.jpg" data-media-type="image/jpeg" alt="This figure shows ..." id="id3"/>
  </span>
</figure></div>