<body>
    <div data-type="chapter"><div data-type="page" id="page_1">
  <div data-type="example">
    <span class="os-number">1.1</span>
  </div>
  <div data-type="note" id="123" class="foo"><h3 class="os-title">
  <span class="os-title-label">Bar</span>
  <span class="os-number">1.1</span>
</h3>
<div class="os-note-body">
    <p>content 1.1</p>
  </div></div>
  <div data-type="example">
    <span class="os-number">1.2</span>
  </div>
  <div data-type="example">
    <span class="os-number">1.3</span>
  </div>

  <div data-type="note" id="111" class="hello"><h3 class="os-title">
  <span class="os-title-label">Hello World</span>
  <span class="os-number">1.3</span>
</h3>
<div class="os-note-body">
    <p>content 1.3</p>
  </div></div>
  <div data-type="example">
    <span class="os-number">1.4</span>
    <figure>
      <span class="os-title">Figure</span>
      <span class="os-number">1.1</span>
    </figure>
  </div>

  <div data-type="note" id="222" class="hello"><h3 class="os-title">
  <span class="os-title-label">Hello World</span>
  <span class="os-number">1.4</span>
</h3>
<div class="os-note-body">
    <p>content 1.4</p>
  </div></div>
</div></div>
<div data-type="chapter"><div data-type="page" id="page_2">
  <div data-type="note" id="456" class="foo"><h3 class="os-title">
  <span class="os-title-label">Bar</span>
  <span class="os-number"/>
</h3>
<div class="os-note-body">
    <p>content 2.1</p>
  </div></div>
  <div data-type="note" id="789" class="foo"><h3 class="os-title">
  <span class="os-title-label">Bar</span>
  <span class="os-number"/>
</h3>
<div class="os-note-body">
    <p>content 2.2</p>
    <div data-type="exercise" class="unnumbered">
      <div data-type="problem"><div class="os-problem-container">what is your quest?</div></div>
    </div>
  </div></div>
  <div data-type="example">
    <span class="os-number">2.2</span>
  </div>
  <div data-type="note" id="333" class="hello"><h3 class="os-title">
  <span class="os-title-label">Hello World</span>
  <span class="os-number">2.2</span>
</h3>
<div class="os-note-body">
    <p>content 2.1</p>
    <div data-type="exercise" id="abcde" class="unnumbered os-hasSolution">
      <div data-type="problem" id="unchanged"><div class="os-problem-container">what is your favorite color?</div></div>
      
    </div>
  </div></div>
  <div data-type="example">
    <span class="os-number">2.3</span>
  </div>
  <div data-type="note" id="000" class=":/">
    <p>don't bake me</p>
  </div>
  <div data-type="note" id="note_id15" class="theorem" use-subtitle="true"><h3 class="os-title">
  <span class="os-title-label">Theorem</span>
  <span class="os-number">2.3</span>
</h3>
<div class="os-note-body">
    
    <p> some content </p>
  </div></div>
  <div data-type="example">
    <span class="os-number">2.4</span>
  </div>
  <div data-type="note" id="4" class="foo"><h3 class="os-title">
  <span class="os-title-label">Bar</span>
  <span class="os-number">2.4</span>
</h3>
<div class="os-note-body">
    <p>A title 4</p>
    <div data-type="exercise" id="123" class="unnumbered os-hasSolution">
      <div data-type="problem" id="456"><div class="os-problem-container">Problem content</div></div>
      
    </div>
    <div data-type="exercise" id="2_123" class="unnumbered os-hasSolution">
      <div data-type="problem" id="2_456"><div class="os-problem-container">a second exercise</div></div>
      
    </div>
  </div></div>
  <div data-type="example">
    <span class="os-number">2.5</span>
  </div>
  <table>
    <th>Some Relevant Data</th>
  </table>
  <div data-type="note" id="123" class="foo"><h3 class="os-title">
  <span class="os-title-label">Bar</span>
  <span class="os-number">2.5</span>
</h3>
<div class="os-note-body">
    <p>note with injected exercise</p>
    <div data-type="injected-exercise">
      <div data-type="exercise-question" data-id="17" class="unnumbered os-hasSolution" id="auto_2_17">
<div class="os-problem-container">
  
  
  <div data-type="question-stem">a question stem</div>
  
</div>

        
        <div data-type="question-solution" id="auto_2_17-solution"><a class="os-number" href="#auto_2_17">2.5</a><span class="os-divider">. </span>
<div class="os-solution-container">
          some solution
        </div>
</div>
      </div>
    </div>
  </div></div>
  <div data-type="note" id="123" class="foo"><h3 class="os-title">
  <span class="os-title-label">Bar</span>
  <span class="os-number">2.5</span>
</h3>
<div class="os-note-body">
    <p>note with solution to be suppressed</p>
    
  </div></div>
</div></div>

  </body>