<div data-type="note" id="auto_dce456">
    <div data-type="note-body">
      <div data-type="injected-exercise" data-injected-from-nickname="singleFR" data-injected-from-version="2" data-injected-from-url="url" data-tags="type:practice all" data-is-vocab="False">
        <div data-type="exercise-question" data-is-answer-order-important="False" data-formats="free-response" data-id="1" id="auto_abc123_1" class="os-hasSolution">
<div class="os-problem-container">
  
  <div data-type="question-stimulus">Question 1 stimulus</div>
  <div data-type="question-stem">Question 1</div>
  
</div>

          
          
          <div data-type="question-solution" data-solution-source="collaborator" data-solution-type="detailed" id="auto_abc123_1-solution"><a class="os-number" href="#auto_abc123_1">4</a><span class="os-divider">. </span>
<div class="os-solution-container">
            solution 1
          </div>
</div>
        </div>
      </div>
    </div>
  </div>