<div class="os-table os-text-heavy-top-titled-container"><div class="os-table-title"/>
<table class="text-heavy top-titled" id="tId">
  <thead/>
</table><div class="os-caption-container">
  <span class="os-title-label">Table </span>
  <span class="os-number">2.3</span>
  <span class="os-divider"> </span>
  <span class="os-divider"> </span>
</div>
</div>