<div data-type="page" id="testidOne">
    <div data-type="exercise" class="unnumbered">
  <div data-type="problem"><div class="os-problem-container">problem</div></div>
  <div data-type="solution"><div class="os-solution-container">solution 1</div></div>
  <div data-type="solution"><div class="os-solution-container">solution 2</div></div>
</div>

  </div>