<body>
    <div data-type="chapter">
  <div data-type="page" id="testidOne">
    <div data-type="exercise" id="bla1">
  <div data-type="problem" id="bla2">
    <span class="os-number">28</span>
    <span class="os-divider">. </span>
    <div class="os-problem-container">
      <span data-alt="An image ..." data-type="media" id="bla3">
        <img alt="some text" data-media-type="image/jpeg" id="bla4" src="bla.jpg"/>
        <p>do not bake me</p>
      </span>
    </div>
  </div>
</div>
<section class="section-exercises" id="sectionId">
  <p id="bla5">For the following exercises...</p>
  <div class="os-hasSolution" data-type="exercise" id="bla6">
    <div data-type="problem" id="bla7">
      <a class="os-number" href="#bla11">1</a>
      <span class="os-divider">. </span>
      <div class="os-problem-container has-first-element">
        <div class="os-table first-element">
          <table class="unnumbered" data-label="" id="bla8">
            <p>some content</p>
          </table>
        </div>
      </div>
    </div>
  </div>
  <div data-type="exercise" id="bla1">
    <div data-type="problem" id="bla2">
      <span class="os-number">28</span>
      <span class="os-divider">. </span>
      <div class="os-problem-container has-first-element">
        <span data-alt="An image..." data-type="media" id="bla3" class="first-element">
          <img alt="some text" data-media-type="image/jpeg" id="bla4" src="bla.jpg"/>
        </span>
      </div>
    </div>
  </div>
  <div data-type="exercise" id="bla1">
    <div data-type="problem" id="bla2">
      <div class="os-problem-container has-first-element">
        <span data-alt="An image..." data-type="media" id="bla3" class="first-element">
          <p>something</p>
        </span>
      </div>
    </div>
  </div>
  <div data-type="exercise" id="bla6">
    <div data-type="problem" id="bla7">
      <span class="os-number">22</span>
      <span class="os-divider">. </span>
      <div class="os-problem-container">
        <p id="bla8">
          <span class="os-math-in-para">
            <p>some content</p>
          </span>
        </p>
        <div class="os-table">
          <table class="unnumbered" data-label="" id="table1">
            <div>do not bake this content</div>
          </table>
        </div>
      </div>
    </div>
  </div>
  <div data-type="exercise" id="bla7">
    <div data-type="problem"/>
    <div data-type="solution">
      <div class="os-solution-container has-first-element">
        <span data-type="media" class="first-element">Media</span>
      </div>
    </div>
  </div>
  <div data-type="exercise" id="bla8">
    <div data-type="problem"/>
    <div data-type="solution">
      <div class="os-solution-container">
        <div data-type="not media">bla10</div>
      </div>
    </div>
  </div>
  <div data-type="exercise" id="bla9">
    <div data-type="solution"><div class="os-solution-container has-first-inline-list-element">
      <ol class="circled first-inline-list-element" id="" type="1">
        <li><span class="token">&#x24D0;</span> yes</li>
        <li><span class="token">&#x24D1;</span> yes. (Note: If two players had been tied for, say, 4th place, then the name would not have been a function of rank.)</li>
      </ol>
    </div></div>
  </div>
  <div data-type="exercise" id="bla10">
    <div data-type="problem">
      <div class="os-problem-container">
        <ol class="circled" id="" type="a">
          <li>don't add a class to this one</li>
        </ol>
        <ol class="circled" id="" type="1">
          <li><span class="token">&#x24D0;</span> yes</li>
        </ol>
      </div>
    </div>
  </div>
  <div data-type="exercise" id="bla11">
    <div data-type="problem">
      <div class="os-problem-container has-first-inline-list-element">
        <ol class="circled first-inline-list-element" id="" type="1">
          <li>do add a class to this one</li>
        </ol>
      </div>
    </div>
  </div>
  <div data-type="exercise" id="bla12">
    <div data-type="problem">
      <div class="os-problem-container has-first-element">
        <div class="os-figure first-element" data-type="media" id="fig1">
          <figure>something</figure>
        </div>
      </div>
    </div>
  </div>
  <div data-type="injected-exercise" id="bla13">
    <div data-type="exercise-question">
      <div class="os-problem-container has-first-element">
        <div data-type="question-stimulus">
          <img alt="some text" data-media-type="image/jpeg" id="bla5" src="bla5.jpg" class="first-element"/>
        </div>
      </div>
    </div>
  </div>
</section>

  </div>
</div>

  </body>