<body>
    <div data-type="chapter">
  <div data-type="page" id="?key">1.21 Section About Decimals like 2.1 and 1.21</div>
  <a>skip this link</a>
  <a href="?key" aria-label="Go to Section 1.21">Section 1.21</a>
  <a href="?other_key" aria-label="Go to 2.1 This label remains">2.1 This label remains</a>
  <a href="?foo_key" aria-label="Go to Appendix A">Appendix A</a>
</div>
<div data-type="page" class="appendix" id="?foo_key">Appendix A</div>

  </body>