<div data-type="unit">
  <div data-type="chapter">
    <div data-type="page" id="page_1" class="chapter-content-module">
      <h2 data-type="document-title" id="page_1_titlecreatedbycookbook"><span class="os-number">1.1.1</span>
<span class="os-divider"> </span>
<span data-type="" itemprop="" class="os-text"><em data-effect="italics">Italics</em>  not italics with <sub>subscript</sub> and <sup>superscript</sup> text</span>
</h2>
    </div>
    <div data-type="page" id="page_2" class="chapter-content-module">
      <h2 data-type="document-title" id="page_2_titlecreatedbycookbook"><span class="os-number">1.1.2</span>
<span class="os-divider"> </span>
<span data-type="" itemprop="" class="os-text"><em data-effect="italics">Italics</em>  not italics with <sub>subscript</sub> and <sup>superscript</sup> text</span>
</h2>
    </div>
  </div>
  <div data-type="chapter">
    <div data-type="page" id="page_3" class="chapter-content-module">
      <h2 data-type="document-title" id="page_3_titlecreatedbycookbook"><span class="os-number">1.2.1</span>
<span class="os-divider"> </span>
<span data-type="" itemprop="" class="os-text"><em data-effect="italics">Italics</em>  not italics with <sub>subscript</sub> and <sup>superscript</sup> text</span>
</h2>
    </div>
    <div data-type="page" id="page_4" class="chapter-content-module">
      <h2 data-type="document-title" id="page_4_titlecreatedbycookbook"><span class="os-number">1.2.2</span>
<span class="os-divider"> </span>
<span data-type="" itemprop="" class="os-text"><em data-effect="italics">Italics</em>  not italics with <sub>subscript</sub> and <sup>superscript</sup> text</span>
</h2>
    </div>
  </div>
</div><div data-type="unit">
  <div data-type="chapter">
    <div data-type="page" id="page_5" class="chapter-content-module">
      <h2 data-type="document-title" id="page_5_titlecreatedbycookbook"><span class="os-number">2.1.1</span>
<span class="os-divider"> </span>
<span data-type="" itemprop="" class="os-text"><em data-effect="italics">Italics</em>  not italics with <sub>subscript</sub> and <sup>superscript</sup> text</span>
</h2>
    </div>
    <div data-type="page" id="page_6" class="chapter-content-module">
      <h2 data-type="document-title" id="page_6_titlecreatedbycookbook"><span class="os-number">2.1.2</span>
<span class="os-divider"> </span>
<span data-type="" itemprop="" class="os-text"><em data-effect="italics">Italics</em>  not italics with <sub>subscript</sub> and <sup>superscript</sup> text</span>
</h2>
    </div>
  </div>
  <div data-type="chapter">
    <div data-type="page" id="page_7" class="chapter-content-module">
      <h2 data-type="document-title" id="page_7_titlecreatedbycookbook"><span class="os-number">2.2.1</span>
<span class="os-divider"> </span>
<span data-type="" itemprop="" class="os-text"><em data-effect="italics">Italics</em>  not italics with <sub>subscript</sub> and <sup>superscript</sup> text</span>
</h2>
    </div>
    <div data-type="page" id="page_8" class="chapter-content-module">
      <h2 data-type="document-title" id="page_8_titlecreatedbycookbook"><span class="os-number">2.2.2</span>
<span class="os-divider"> </span>
<span data-type="" itemprop="" class="os-text"><em data-effect="italics">Italics</em>  not italics with <sub>subscript</sub> and <sup>superscript</sup> text</span>
</h2>
    </div>
  </div>
</div>