<body>
    <div xmlns:epub="http://www.idpf.org/2007/ops" data-type="chapter">
  <h1 data-type="document-title">Chapter 1 Title</h1>
  <div class="introduction" data-type="page" id="testid1">
    
    
    
  <div class="intro-body">
  
  <div class="os-chapter-outline">
  <h3 class="os-title">Chapter Outline</h3>
  
</div>

  <div class="intro-text">
    <h2 data-type="document-title" id="testid1_titlecreatedbycookbook"><span data-type="" itemprop="" class="os-text">Introduction</span>
</h2>
    <a xmlns:epub="http://www.idpf.org/2007/ops" role="doc-noteref" epub:type="noteref">[footnote]</a><p xmlns:epub="http://www.idpf.org/2007/ops">
  <epub:example/>
</p>
  </div>
</div>
</div>
</div>

  </body>