<nav id="toc"><h1 class="os-toc-title">Contents</h1>
<ol>
  <li class="os-toc-preface" cnx-archive-shortid="" cnx-archive-uri="p1" data-toc-type="link" data-toc-target-type="preface">
  <a href="#p1">
    <span data-type="" itemprop="" class="os-text">Preface</span>
  </a>
</li>

<li class="os-toc-chapter" cnx-archive-shortid="" cnx-archive-uri="" data-toc-type="chapter">
  <a href="#chapTitle1">
    <span class="os-number"><span class="os-part-text">Chapter </span>1</span>
    <span class="os-divider"> </span>
    <span class="os-text" data-type="" itemprop="">Chapter 1 Title</span>
  </a>
  <ol class="os-chapter">
    <li class="os-toc-chapter-page" cnx-archive-shortid="" cnx-archive-uri="p2" data-toc-type="link" data-toc-target-type="chapter-intro">
  <a href="#p2">
    <span data-type="" itemprop="" class="os-text">Introduction</span>
  </a>
</li>

<li class="os-toc-chapter-page" cnx-archive-shortid="" cnx-archive-uri="p3" data-toc-type="link" data-toc-target-type="numbered-section-page">
  <a href="#p3">
    <span class="os-number">1.1</span><span class="os-divider"> </span><span data-type="" itemprop="" class="os-text">Page 1.1 Title</span>
  </a>
</li>

<li class="os-toc-chapter-composite-page" cnx-archive-shortid="" cnx-archive-uri="composite-page-1" data-toc-type="link" data-toc-target-type="eoc-page">
  <a href="#composite-page-1">
    <span class="os-text">Key Terms</span>
  </a>
</li>

<li class="os-toc-chapter-composite-page" cnx-archive-shortid="" cnx-archive-uri="composite-page-2" data-toc-type="link" data-toc-target-type="eoc-page">
  <a href="#composite-page-2">
    <span class="os-text">References</span>
  </a>
</li>

    
  </ol>
</li>

<li class="os-toc-chapter" cnx-archive-shortid="" cnx-archive-uri="" data-toc-type="chapter">
  <a href="#chapTitle2">
    <span class="os-number"><span class="os-part-text">Chapter </span>2</span>
    <span class="os-divider"> </span>
    <span class="os-text" data-type="" itemprop="">Chapter 2 Title</span>
  </a>
  <ol class="os-chapter">
    <li class="os-toc-chapter-page" cnx-archive-shortid="" cnx-archive-uri="p4" data-toc-type="link" data-toc-target-type="numbered-section-page">
  <a href="#p4">
    <span class="os-number">2.1</span><span class="os-divider"> </span><span data-type="" itemprop="" class="os-text">Page 2.1 Title</span>
  </a>
</li>

    
  </ol>
</li>

<li class="os-toc-appendix" cnx-archive-shortid="" cnx-archive-uri="p5" data-toc-type="link" data-toc-target-type="appendix">
  <a href="#p5">
    <span class="os-number"><span class="os-part-text">Appendix </span>A</span><span class="os-divider"> </span><span data-type="" itemprop="" class="os-text">Appendix A Title</span>
  </a>
</li>

<li class="os-toc-composite-chapter" cnx-archive-shortid="" cnx-archive-uri="" data-toc-type="eob-chapter">
  <a href="#composite-chapter-1">
    
    <span class="os-text">Answer Key (no class)</span>
  
  </a>
  <ol class="os-chapter">
    <li class="os-toc-chapter-composite-page" cnx-archive-shortid="" cnx-archive-uri="p6" data-toc-type="link" data-toc-target-type="eoc-page">
  <a href="#p6">
    <span class="os-text">Chapter 1</span>
  </a>
</li>

  </ol>
</li>

<li class="os-toc-reference" cnx-archive-shortid="" cnx-archive-uri="p7" data-toc-type="link" data-toc-target-type="references">
  <a href="#p7">
    <span class="os-text">References</span>
  </a>
</li>

<li class="os-toc-references" cnx-archive-shortid="" cnx-archive-uri="p8" data-toc-type="link" data-toc-target-type="references">
  <a href="#p8">
    <span class="os-text">References</span>
  </a>
</li>

<li class="os-toc-handbook" cnx-archive-shortid="" cnx-archive-uri="p9" data-toc-type="link" data-toc-target-type="handbook">
  <a href="#p9">
    <span data-type="" itemprop="" class="os-text">Handbook</span>
  </a>
</li>

<li class="os-toc-index" cnx-archive-shortid="" cnx-archive-uri="p10" data-toc-type="link" data-toc-target-type="index">
  <a href="#p10">
    <span class="os-text">Index</span>
  </a>
</li>

</ol>
</nav>