<div class="os-eob os-solution-container" data-type="composite-chapter" data-uuid-key=".solution">
  <h1 data-type="document-title">
    <span class="os-text">Answer Key</span>
  </h1>
  <div data-type="metadata" style="display: none;">
    <h1 data-type="document-title" itemprop="name">Answer Key</h1>
    <span data-type="revised">Revised</span><span data-type="slug">Slug</span><div class="authors">Authors</div><div class="publishers">Publishers</div><div class="print-style">Print Style</div><div class="permissions">Permissions</div><div data-type="subject">Subject</div>
  </div>
</div>