<div data-type="page" id="testidOne">
    <div>hello <u data-effect="double-underline" data-screenreader-begin="double underline" data-screenreader-end="end double underline"><span data-media="screenreader">double underline</span>world<span data-media="screenreader">end double underline</span></u>. <u data-effect="underline" data-screenreader-begin="underline" data-screenreader-end="end underline"><span data-media="screenreader">underline</span>underlined<span data-media="screenreader">end underline</span></u></div>
<p class="public-domain" data-screenreader-begin="public domain text" data-screenreader-end="end public domain text"><span data-media="screenreader">public domain text</span>Proud Immigrant Citizen @primmcit<span data-media="screenreader">end public domain text</span></p>
<p class="student-sample" data-screenreader-begin="student sample text" data-screenreader-end="end student sample text"><span data-media="screenreader">student sample text</span>Suddenly,<u data-effect="underline" data-screenreader-begin="underline" data-screenreader-end="end underline"><span data-media="screenreader">underline</span>stood<span data-media="screenreader">end underline</span></u> .<span data-media="screenreader">end student sample text</span></p>
<p class="annotation-text" data-screenreader-begin="annotated text" data-screenreader-end="end annotated text"><span data-media="screenreader">annotated text</span>This response .<span data-media="screenreader">end annotated text</span></p>

  </div>