<div data-element-type="check-understanding" data-type="exercise" class="unnumbered"><h3 class="os-title" data-type="title">
  <span class="os-title-label">Check Your Understanding</span>
</h3>

  
  <div data-type="problem"><div class="os-problem-container">
    <p>problem 1</p>
  </div></div>
  <div data-type="solution"><h4 class="solution-title" data-type="title">
  <span class="os-text">Solution</span>
</h4>
<div class="os-solution-container">
    <p>solution</p>
  </div></div>
</div>