<body>
    <ol>
  <li>blah1</li>
  <li>blah2</li>
  <li><span>random term</span> blah3</li>
  <li>
    <p>blah3</p>
    <figure id="someId">
      <span data-type="media" id="otherId" data-alt="This figure shows pieces of a ...">
        <img src="blah.jpg" data-media-type="image/jpeg" alt="This figure shows ..." id="id3"/>
      </span>
    </figure>
  </li>
</ol>
<ul>
  <li>foo1</li>
  <li>foo2</li>
  <li><span>random term2</span> foo3</li>
  <li>
    <p>foo3</p>
    <figure id="someId2">
      <span data-type="media" id="otherId2" data-alt="This figure shows pieces of a ...">
        <img src="foo.jpg" data-media-type="image/jpeg" alt="This figure shows ..." id="id4"/>
      </span>
    </figure>
  </li>
</ul>

  </body>