<div data-type="chapter">
  <div data-type="page" id="page_1234" class="chapter-content-module">
    <h2 data-type="document-title" id="page_1234_titlecreatedbycookbook"><span class="os-number">1.1</span>
<span class="os-divider"> </span>
<span data-type="" itemprop="" class="os-text"><em data-effect="italics">Italics</em>  not italics with <sub>subscript</sub> and <sup>superscript</sup> text</span>
</h2>
  </div>
</div>