<div class="os-eob os-index-name-container" data-type="composite-page" data-uuid-key=".index-name">
  <h1 data-type="document-title">
    <span class="os-text">Skorowidz nazwisk</span>
  </h1>
  <div data-type="metadata" style="display: none;">
    <h1 data-type="document-title" itemprop="name">Skorowidz nazwisk</h1>
    <span data-type="revised">Revised</span><span data-type="slug">Slug</span><div class="authors">Authors</div><div class="publishers">Publishers</div><div class="print-style">Print Style</div><div class="permissions">Permissions</div><div data-type="subject">Subject</div>
  </div>
  
    <div class="group-by">
      <span class="group-label">C</span>
      
        <div class="os-index-item">
              <span class="os-term" group-by="C">Chomsky, Noam (ur. 1928)</span>

            <a class="os-term-section-link" href="#auto_p1_term5"><span class="os-term-section">1.1 First Page</span></a><!--
          -->
        </div>
      
    </div>
  
    <div class="group-by">
      <span class="group-label">&#x106;</span>
      
        <div class="os-index-item">
              <span class="os-term" group-by="&#x106;">&#x106;wierkowski, Wilhelm (1832-1920)</span>

            <a class="os-term-section-link" href="#auto_p1_term4"><span class="os-term-section">1.1 First Page</span></a><!--
          -->
        </div>
      
    </div>
  
</div><div class="os-eob os-index-term-container" data-type="composite-page" data-uuid-key=".index-term">
  <h1 data-type="document-title">
    <span class="os-text">Skorowidz rzeczowy</span>
  </h1>
  <div data-type="metadata" style="display: none;">
    <h1 data-type="document-title" itemprop="name">Skorowidz rzeczowy</h1>
    <span data-type="revised">Revised</span><span data-type="slug">Slug</span><div class="authors">Authors</div><div class="publishers">Publishers</div><div class="print-style">Print Style</div><div class="permissions">Permissions</div><div data-type="subject">Subject</div>
  </div>
  
    <div class="group-by">
      <span class="group-label">C</span>
      
        <div class="os-index-item">
              <span class="os-term" group-by="c">czosnek</span>

            <a class="os-term-section-link" href="#auto_p1_term1"><span class="os-term-section">1.1 First Page</span></a><!--
          -->
        </div>
      
    </div>
  
    <div class="group-by">
      <span class="group-label">&#x106;</span>
      
        <div class="os-index-item">
              <span class="os-term" group-by="&#x107;">&#x107;ma</span>

            <a class="os-term-section-link" href="#auto_p1_term2"><span class="os-term-section">1.1 First Page</span></a><!--
          -->
        </div>
      
        <div class="os-index-item">
              <span class="os-term" group-by="&#x107;">&#x107;wiczenie</span>

            <a class="os-term-section-link" href="#auto_p1_term3"><span class="os-term-section">1.1 First Page</span></a><!--
          -->
        </div>
      
    </div>
  
</div>