<body>
    <div data-type="unit">
  <div data-type="chapter">
    <div data-type="equation" class="unnumbered" id="aaa">
      <p>do nothing</p>
    </div>
    <div data-type="equation" id="123">
      <p>equation 1</p>
    <div class="os-equation-number">
  <span class="os-number">1.1.1</span>
</div>
</div>
  </div>
  <div data-type="chapter">
    <div data-type="equation" id="456">
      <p>4+4=8</p>
    <div class="os-equation-number">
  <span class="os-number">1.2.1</span>
</div>
</div>
    <div data-type="equation" id="789">
      <p>e=mc^2</p>
    <div class="os-equation-number">
  <span class="os-number">1.2.2</span>
</div>
</div>
  </div>
</div>

  </body>