<div data-type="page" class="chapter-content-module">
    <h2 data-type="document-title">Module 1.1 title</h2>
    <section data-type="learnin-objectives">
      By the end of this module, you will be able to:
        <ul>
          <li>Outline the historical development of chemistry</li>
          <li>Provide examples of the importance of chemistry in everyday life</li>
        </ul>
      </section>
  </div>