<div data-type="exercise" class="unnumbered has-problem-title">
      <div data-type="problem">
        <h3 data-type="problem-title">
          <span class="os-title-label">Problem</span>
        </h3>
        <div class="os-problem-container">
          <p>Determine what the key terms refer to in the following study.</p>
        </div>
      </div>
    </div>