
    <div data-type="unit">
  <div data-type="chapter">
    <h1>dummy</h1>
    <h1 data-type="document-title" id="chapTitle1"><span class="os-part-text">Chapter </span>
<span class="os-number">1.1</span>
<span class="os-divider"> </span>
<span data-type="" itemprop="" class="os-text">chapter 1</span>
</h1>
  </div>
  <div data-type="chapter">
    <h1>dummy</h1>
    <h1 data-type="document-title" id="chapTitle2"><span class="os-part-text">Chapter </span>
<span class="os-number">1.2</span>
<span class="os-divider"> </span>
<span data-type="" itemprop="" class="os-text">chapter 2</span>
</h1>
  </div>
</div>
<div data-type="unit">
  <div data-type="chapter">
    <h1>dummy</h1>
    <h1 data-type="document-title" id="chapTitle3"><span class="os-part-text">Chapter </span>
<span class="os-number">2.1</span>
<span class="os-divider"> </span>
<span data-type="" itemprop="" class="os-text">chapter 1</span>
</h1>
  </div>
  <div data-type="chapter">
    <h1>dummy</h1>
    <h1 data-type="document-title" id="chapTitle4"><span class="os-part-text">Chapter </span>
<span class="os-number">2.2</span>
<span class="os-divider"> </span>
<span data-type="" itemprop="" class="os-text">chapter 2</span>
</h1>
  </div>
</div>

  