<body>
    <div data-type="metadata" style="display: none;">
  <span data-type="revised" id="revised">Revised</span>
  <span data-type="slug" id="slug">Slug</span>
  <div class="authors" id="authors">Authors</div>
  <div class="publishers" id="publishers">Publishers</div>
  <div class="print-style" id="print-style">Print Style</div>
  <div class="permissions" id="permissions">Permissions</div>
  <div data-type="subject" id="subject">Subject</div>
</div>
<div data-type="chapter">
  <div data-type="page" id="p1">
    <div data-type="document-title"><span>1.1</span> First Page</div>
    <span xmlns:cxlxt="http://katalysteducation.org/cxlxt/1.0" data-type="term" cxlxt:index="name" cxlxt:name="Smith, Adam" id="auto_p1_term1" group-by="S">Adam Smith</span>
    <span xmlns:cxlxt="http://katalysteducation.org/cxlxt/1.0" data-type="term" cxlxt:index="name" cxlxt:name="Keynes, John Maynard" id="auto_p1_term2" group-by="K">John Maynard Keynes</span>
    <span xmlns:cmlnle="http://katalysteducation.org/cmlnle/1.0" xmlns:cxlxt="http://katalysteducation.org/cxlxt/1.0" data-type="term" cmlnle:reference="&#x106;wierkowski, Wilhelm (1832-1920)" cxlxt:index="name" cxlxt:name="&#x106;wierkowskiego, Wilhelma" cxlxt:born="1832" cxlxt:died="1920" id="auto_p1_term3" group-by="&#x106;">Wilhelma &#x106;wierkowskiego</span>
    <span xmlns:cmlnle="http://katalysteducation.org/cmlnle/1.0" xmlns:cxlxt="http://katalysteducation.org/cxlxt/1.0" data-type="term" cmlnle:reference="Chomsky, Noam (ur. 1928)" cxlxt:index="name" cxlxt:name="Chomsky, Noam" cxlxt:born="1928" id="auto_p1_term4" group-by="C">Noama Chomsky'ego</span>
  </div>
</div>

  <div class="os-eob os-index-name-container" data-type="composite-page" data-uuid-key=".index-name">
  <h1 data-type="document-title">
    <span class="os-text">Skorowidz nazwisk</span>
  </h1>
  <div data-type="metadata" style="display: none;">
    <h1 data-type="document-title" itemprop="name">Skorowidz nazwisk</h1>
    <span data-type="revised" id="revised_copy_1">Revised</span><span data-type="slug" id="slug_copy_1">Slug</span><div class="authors" id="authors_copy_1">Authors</div><div class="publishers" id="publishers_copy_1">Publishers</div><div class="print-style" id="print-style_copy_1">Print Style</div><div class="permissions" id="permissions_copy_1">Permissions</div><div data-type="subject" id="subject_copy_1">Subject</div>
  </div>
  
    <div class="group-by">
      <span class="group-label">C</span>
      
        <div class="os-index-item">
              <span class="os-term" group-by="C">Chomsky, Noam (ur. 1928)</span>

            <a class="os-term-section-link" href="#auto_p1_term4"><span class="os-term-section">1.1 First Page</span></a><!--
          -->
        </div>
      
    </div>
  
    <div class="group-by">
      <span class="group-label">&#x106;</span>
      
        <div class="os-index-item">
              <span class="os-term" group-by="&#x106;">&#x106;wierkowski, Wilhelm (1832-1920)</span>

            <a class="os-term-section-link" href="#auto_p1_term3"><span class="os-term-section">1.1 First Page</span></a><!--
          -->
        </div>
      
    </div>
  
    <div class="group-by">
      <span class="group-label">K</span>
      
        <div class="os-index-item">
              <span class="os-term" group-by="K">Keynes, John Maynard</span>

            <a class="os-term-section-link" href="#auto_p1_term2"><span class="os-term-section">1.1 First Page</span></a><!--
          -->
        </div>
      
    </div>
  
    <div class="group-by">
      <span class="group-label">S</span>
      
        <div class="os-index-item">
              <span class="os-term" group-by="S">Smith, Adam</span>

            <a class="os-term-section-link" href="#auto_p1_term1"><span class="os-term-section">1.1 First Page</span></a><!--
          -->
        </div>
      
    </div>
  
</div>
</body>