<div class="os-eoc os-top-level-container" data-type="composite-chapter" data-uuid-key=".top-level">
  <h2 data-type="document-title" id="composite-chapter-1">
    <span class="os-text">Top Level Container</span>
  </h2>
  <div data-type="metadata" style="display: none;">
    <h1 data-type="document-title" itemprop="name">Top Level Container</h1>
    <div>metadata</div>
  </div>
<div class="os-eoc os-some-eoc-section-container" data-type="composite-page" data-uuid-key=".some-eoc-section">
  <h3 data-type="title">
    <span class="os-text">Some Eoc Section</span>
  </h3>
  <div data-type="metadata" style="display: none;">
    <h1 data-type="document-title" itemprop="name">Some Eoc Section</h1>
    <span data-type="revised">Revised</span><span data-type="slug">Slug</span><div class="authors">Authors</div><div class="publishers">Publishers</div><div class="print-style">Print Style</div><div class="permissions">Permissions</div><div data-type="subject">Subject</div>
  </div>
  <section id="sectionId1" class="some-eoc-section">
      <p>content</p>
    </section><section id="sectionId2" class="some-eoc-section">
      <p>content</p>
    </section><section id="sectionId3" class="some-eoc-section">
      <p>content</p>
    </section>
</div>
</div>