<div data-type="chapter">
<div class="os-eoc os-glossary-container" data-type="composite-page" data-uuid-key="glossary">
  <h2 data-type="document-title">
    <span class="os-text">Kluczowe poj&#x119;cia</span>
  </h2>
  <div data-type="metadata" style="display: none;">
    <h1 data-type="document-title" itemprop="name">Kluczowe poj&#x119;cia</h1>
    <span data-type="revised">Revised</span><span data-type="slug">Slug</span><div class="authors">Authors</div><div class="publishers">Publishers</div><div class="print-style">Print Style</div><div class="permissions">Permissions</div><div data-type="subject">Subject</div>
  </div>
  <dl>
      <dt>ABD</dt>
      <dd>Test 2</dd>
    </dl><dl>
      <dt>&#x104;BD</dt>
      <dd>Hey</dd>
    </dl><dl>
      <dt>ZzZ</dt>
      <dd>Achoo</dd>
    </dl><dl>
      <dt>ZzZ</dt>
      <dd>Test 1</dd>
    </dl>
</div>
</div>