<div data-type="chapter"><div data-type="page" id="00" class="introduction">
  <h1 data-type="document-title" itemprop="name" id="intro"><em data-effect="italics">Italics</em>  not italics with <sub>subscript</sub> and <sup>superscript</sup> text Introduction page!</h1>
  
</div>
<div data-type="page" id="01">
  <h1 data-type="document-title" itemprop="name" id="first"><em data-effect="italics">Italics</em>  not italics with <sub>subscript</sub> and <sup>superscript</sup> text First Title</h1>
  
</div>
<div data-type="page" id="02">
  <h1 data-type="document-title" itemprop="name" id="second"><em data-effect="italics">Italics</em>  not italics with <sub>subscript</sub> and <sup>superscript</sup> text Second Title</h1>
  
</div>
<div class="os-eoc os-summary-container" data-type="composite-page" data-uuid-key=".summary">
  <h2 data-type="document-title">
    <span class="os-text">Summary</span>
  </h2>
  <div data-type="metadata" style="display: none;">
    <h1 data-type="document-title" itemprop="name">Summary</h1>
    <span data-type="revised">Revised</span><span data-type="slug">Slug</span><div class="authors">Authors</div><div class="publishers">Publishers</div><div class="print-style">Print Style</div><div class="permissions">Permissions</div><div data-type="subject">Subject</div>
  </div>
  <section class="summary" data-element-type="section-summary"><a href="#00_titlecreatedbycookbook">
  <h3 data-type="document-title">
  
  <span class="os-text" data-type="" itemprop=""><em data-effect="italics">Italics</em>  not italics with <sub>subscript</sub> and <sup>superscript</sup> text Introduction page!</span>
</h3>

</a>

      
      <p>This moves too!</p>
  </section><section class="summary" data-element-type="section-summary"><a href="#01_titlecreatedbycookbook">
  <h3 data-type="document-title">
  <span class="os-number">1.1</span>
<span class="os-divider"> </span>

  <span class="os-text" data-type="" itemprop=""><em data-effect="italics">Italics</em>  not italics with <sub>subscript</sub> and <sup>superscript</sup> text First Title</span>
</h3>

</a>

      
      <p>Many paragraphs provide a good summary.</p>
  </section><section class="summary" data-element-type="section-summary"><a href="#02_titlecreatedbycookbook">
  <h3 data-type="document-title">
  <span class="os-number">1.2</span>
<span class="os-divider"> </span>

  <span class="os-text" data-type="" itemprop=""><em data-effect="italics">Italics</em>  not italics with <sub>subscript</sub> and <sup>superscript</sup> text Second Title</span>
</h3>

</a>

      
      <p>Ooh, it's another bit of text.</p>
  </section>
</div>
</div>