<div class="os-eob os-index-name-container" data-type="composite-page" data-uuid-key=".index-name">
  <h1 data-type="document-title">
    <span class="os-text">Skorowidz nazwisk</span>
  </h1>
  <div data-type="metadata" style="display: none;">
    <h1 data-type="document-title" itemprop="name">Skorowidz nazwisk</h1>
    <span data-type="revised">Revised</span><span data-type="slug">Slug</span><div class="authors">Authors</div><div class="publishers">Publishers</div><div class="print-style">Print Style</div><div class="permissions">Permissions</div><div data-type="subject">Subject</div>
  </div>
  
    <div class="group-by">
      <span class="group-label">C</span>
      
        <div class="os-index-item">
<span class="os-term" group-by="C">Chomsky, Noam</span>

            <a class="os-term-section-link" href="#auto_p1_term5"><span class="os-term-section">1.1 First Page</span></a><!--
          -->
        </div>
      
    </div>
  
</div><div class="os-eob os-index-term-container" data-type="composite-page" data-uuid-key=".index-term">
  <h1 data-type="document-title">
    <span class="os-text">Skorowidz rzeczowy</span>
  </h1>
  <div data-type="metadata" style="display: none;">
    <h1 data-type="document-title" itemprop="name">Skorowidz rzeczowy</h1>
    <span data-type="revised">Revised</span><span data-type="slug">Slug</span><div class="authors">Authors</div><div class="publishers">Publishers</div><div class="print-style">Print Style</div><div class="permissions">Permissions</div><div data-type="subject">Subject</div>
  </div>
  
    <div class="group-by">
      <span class="group-label">C</span>
      
        <div class="os-index-item">
<span class="os-term" group-by="c">czarownica</span>

            <a class="os-term-section-link" href="#auto_p1_term3"><span class="os-term-section">1.1 First Page</span></a><!--
          -->
        </div>
      
        <div class="os-index-item">
<span class="os-term" group-by="c">czas</span>

            <a class="os-term-section-link" href="#auto_p1_term2"><span class="os-term-section">1.1 First Page</span></a><!--
          -->
        </div>
      
        <div class="os-index-item">
<span class="os-term" group-by="c">czosnek</span>

            <a class="os-term-section-link" href="#auto_p1_term1"><span class="os-term-section">1.1 First Page</span></a><!--
          -->
        </div>
      
    </div>
  
</div><div class="os-eob os-index-foreign-container" data-type="composite-page" data-uuid-key=".index-foreign">
  <h1 data-type="document-title">
    <span class="os-text">Skorowidz termin&#xF3;w obcoj&#x119;zycznych</span>
  </h1>
  <div data-type="metadata" style="display: none;">
    <h1 data-type="document-title" itemprop="name">Skorowidz termin&#xF3;w obcoj&#x119;zycznych</h1>
    <span data-type="revised">Revised</span><span data-type="slug">Slug</span><div class="authors">Authors</div><div class="publishers">Publishers</div><div class="print-style">Print Style</div><div class="permissions">Permissions</div><div data-type="subject">Subject</div>
  </div>
  
    <div class="group-by">
      <span class="group-label">I</span>
      
        <div class="os-index-item">
                <span class="os-term" xml:lang="en" lang="en" group-by="i">introspection</span>


            <a class="os-term-section-link" href="#auto_p1_term4"><span class="os-term-section">1.1 First Page</span></a><!--
          -->
        </div>
      
    </div>
  
</div>