<div class="os-caption-container">
  <span class="os-title-label">Table </span>
  <span class="os-number">2.3</span>
  <span class="os-divider"> </span>
  <span class="os-divider"> </span>
  <span class="os-caption">Examples of Company Segments<a href="#auto_735" role="doc-noteref" epub:type="noteref">2</a></span>
<aside role="doc-footnote" id="auto_735" epub:type="footnote"><div data-type="footnote-number">2</div>GE Businesses. ...</aside></div>