<div data-type="page" id="testidOne">
    <div>hello <u data-effect="double-underline"><span data-media="screenreader">double underline</span>world<span data-media="screenreader">end double underline</span></u>. <u data-effect="underline"><span data-media="screenreader">underline</span>underlined<span data-media="screenreader">end underline</span></u></div>
<p class="public-domain"><span data-media="screenreader">public domain text</span>Proud Immigrant Citizen @primmcit<span data-media="screenreader">end public domain text</span></p>
<p class="student-sample"><span data-media="screenreader">student sample text</span>Suddenly,<u data-effect="underline"><span data-media="screenreader">underline</span>stood<span data-media="screenreader">end underline</span></u> .<span data-media="screenreader">end student sample text</span></p>
<p class="annotation-text"><span data-media="screenreader">annotated text</span>This response .<span data-media="screenreader">end annotated text</span></p>

  </div>