<div data-type="chapter">
  <div data-type="page" class="chapter-content-module">
    <div data-type="metadata" style="display: none;">
  
</div>
<h2 data-type="document-title" id="anId"><span class="os-number">1.1</span>
<span class="os-divider"> </span>
<span data-type="" itemprop="" class="os-text">Review of Functions</span>
</h2>

  </div>
</div>